
> akasha-code-studio@0.1.0 build
> tsc --noEmit && vite build

src/sidebar.tsx(181,33): error TS2345: Argument of type 'CenterTab | null' is not assignable to parameter of type 'CenterTab'.
  Type 'null' is not assignable to type 'CenterTab'.
